PhantomDSP commit: dbdf5d17b125034c50d977935ca9854287f70f1f
Capture label: minimum-latency reference: A100 / downstream
Benchmark: C:\Program Files\EqualizerAPO\Benchmark.exe
Device name: Output A1 Voicemeeter PhantomDSP Bass Downstream
Installed config: C:\Program Files\EqualizerAPO\config\config.txt
Installed config SHA256: 09C10E2759498834F84EC752DE261156B07AE430BC91D653C18E90E52833AD02
Bass selector: C:\Program Files\EqualizerAPO\config\JBL M2 Binaural Convolution\Bass Crossover Selector.txt
Bass selector SHA256: 499AE2891A80A486B19C40615CD1162906974CC89B71B312339E923BC8CBEB43
Probe set: minus-6dbfs (-6 dBFS)

=== left impulse ===
(TRACE) 2 channels for this device: L R
(TRACE) Loading configuration from C:\Program Files\EqualizerAPO\config\config.txt
(TRACE) Matching pattern "Output A1 Voicemeeter" with device "Output A1 Voicemeeter PhantomDSP Bass Downstream File output "
(TRACE) Loading configuration from C:\Program Files\EqualizerAPO\config\config - personalized.txt
(TRACE) Loading configuration from C:\Program Files\EqualizerAPO\config\JBL M2 Binaural Convolution\Bass Crossover Selector.txt
(TRACE) If(regexSearch("PhantomDSP Bass Downstream", deviceName)) evaluated to "PhantomDSP Bass Downstream" (true)
(TRACE) Selecting channel(s) number 1, 2
(TRACE) Copying to channel L from channel L with factor 1, to channel R from channel R with factor 1
(TRACE) Loading configuration from C:\Program Files\EqualizerAPO\config\Target Curve Macro Adjustments.txt
(TRACE) Selecting channel(s) number 1, 2
(TRACE) Adding low-shelf filter with frequency 80 Hz and gain 2 dB
(TRACE) Loading configuration from C:\Program Files\EqualizerAPO\config\Elex\Elex Flatten EQ at DRP v3.txt
(TRACE) Adjusting preamp by -3.5 dB
(TRACE) Adding low-shelf filter with frequency 35 Hz and gain 5 dB and slope 12 dB
(TRACE) Adding peaking filter with frequency 650 Hz, gain 1.3 dB and Q 1
(TRACE) Adding peaking filter with frequency 1400 Hz, gain -1.5 dB and Q 2
(TRACE) Adding peaking filter with frequency 3730 Hz, gain -8.8 dB and Q 3
(TRACE) Adding high-shelf filter with frequency 14000 Hz and gain 12 dB and slope 12 dB
(TRACE) Adding peaking filter with frequency 2719 Hz, gain -1.4 dB and Q 2.5
(TRACE) Adding peaking filter with frequency 5400 Hz, gain 3.3 dB and Q 4
(TRACE) Adding peaking filter with frequency 7730 Hz, gain 5.2 dB and Q 5
(TRACE) Adding peaking filter with frequency 11200 Hz, gain -6 dB and Q 8
(TRACE) Adding peaking filter with frequency 12950 Hz, gain -3.9 dB and Q 10
(TRACE) Adding peaking filter with frequency 11100 Hz, gain -4.4 dB and Q 4
(TRACE) Adding peaking filter with frequency 4450 Hz, gain -3 dB and Q 6
(TRACE) Adding peaking filter with frequency 4792 Hz, gain 2.5 dB and Q 4
(TRACE) Adding peaking filter with frequency 5690 Hz, gain 0.6 dB and Q 8
(TRACE) Adding peaking filter with frequency 3628 Hz, gain 0.9 dB and Q 8
(TRACE) Adding peaking filter with frequency 8770 Hz, gain 1.5 dB and Q 15
(TRACE) Adding peaking filter with frequency 9150 Hz, gain 2 dB and Q 10
(TRACE) Adding peaking filter with frequency 9800 Hz, gain 1.5 dB and Q 15
(TRACE) Adding high-shelf filter with frequency 16000 Hz and gain -4 dB
(TRACE) Adding peaking filter with frequency 600 Hz, gain 0.8 dB and Q 0.7
(TRACE) Adding peaking filter with frequency 2500 Hz, gain 1 dB and Q 5
(TRACE) Adding peaking filter with frequency 6300 Hz, gain -3 dB and Q 8
(TRACE) Adding peaking filter with frequency 3000 Hz, gain -0.8 dB and Q 5
(TRACE) Adding peaking filter with frequency 3300 Hz, gain -1 dB and Q 8
(TRACE) Loading configuration from C:\Program Files\EqualizerAPO\config\Elex\Elex Personal Balance LR v3.txt
(TRACE) Selecting channel(s) number 1, 2
(TRACE) Adjusting preamp by 2 dB
(TRACE) Selecting channel(s) number 2
(TRACE) Adjusting preamp by -0.5 dB
(TRACE) Adding low-shelf filter with frequency 150 Hz and gain -0.3 dB and slope 12 dB
(TRACE) Adding peaking filter with frequency 1400 Hz, gain -0.5 dB and Q 3
(TRACE) Adding peaking filter with frequency 2550 Hz, gain -1.3 dB and Q 4
(TRACE) Adding peaking filter with frequency 3300 Hz, gain -1 dB and Q 3
(TRACE) Adding peaking filter with frequency 3640 Hz, gain -1 dB and Q 10
(TRACE) Adding peaking filter with frequency 4200 Hz, gain 1 dB and Q 10
(TRACE) Adding peaking filter with frequency 4400 Hz, gain 2 dB and Q 10
(TRACE) Adding peaking filter with frequency 6240 Hz, gain -2.4 dB and Q 8
(TRACE) Adding peaking filter with frequency 6600 Hz, gain 3 dB and Q 8
(TRACE) Adding peaking filter with frequency 13000 Hz, gain 5 dB and Q 2
(TRACE) Adding high-shelf filter with frequency 16000 Hz and gain -6 dB and slope 12 dB
(TRACE) Adding peaking filter with frequency 3900 Hz, gain 0.5 dB and Q 7
(TRACE) Adding peaking filter with frequency 5100 Hz, gain 0.9 dB and Q 9
(TRACE) Adding peaking filter with frequency 1754 Hz, gain -0.5 dB and Q 6
(TRACE) Adding peaking filter with frequency 8500 Hz, gain -3 dB and Q 10
(TRACE) Selecting channel(s) number 1
(TRACE) Adding peaking filter with frequency 4060 Hz, gain 1.5 dB and Q 8
(TRACE) Adding peaking filter with frequency 5000 Hz, gain -3 dB and Q 5
(TRACE) Adding peaking filter with frequency 4410 Hz, gain -1 dB and Q 6
(TRACE) Selecting channel(s) number 1, 2
(TRACE) Adjusting preamp by 0 dB
(TRACE) Finished loading configuration after 1.878400 milliseconds
(TRACE) Successfully created directory change notification thread 7572 for C:\Program Files\EqualizerAPO\config and its subtree
(TRACE) Loading configuration from C:\Program Files\EqualizerAPO\config\config.txt
(TRACE) Matching pattern "Output A1 Voicemeeter" with device "Output A1 Voicemeeter PhantomDSP Bass Downstream File output "
(TRACE) Loading configuration from C:\Program Files\EqualizerAPO\config\config - personalized.txt
(TRACE) Loading configuration from C:\Program Files\EqualizerAPO\config\JBL M2 Binaural Convolution\Bass Crossover Selector.txt
(TRACE) If(regexSearch("PhantomDSP Bass Downstream", deviceName)) evaluated to "PhantomDSP Bass Downstream" (true)
(TRACE) Selecting channel(s) number 1, 2
(TRACE) Copying to channel L from channel L with factor 1, to channel R from channel R with factor 1
(TRACE) Loading configuration from C:\Program Files\EqualizerAPO\config\Target Curve Macro Adjustments.txt
(TRACE) Selecting channel(s) number 1, 2
(TRACE) Adding low-shelf filter with frequency 80 Hz and gain 2 dB
(TRACE) Loading configuration from C:\Program Files\EqualizerAPO\config\Elex\Elex Flatten EQ at DRP v3.txt
(TRACE) Adjusting preamp by -3.5 dB
(TRACE) Adding low-shelf filter with frequency 35 Hz and gain 5 dB and slope 12 dB
(TRACE) Adding peaking filter with frequency 650 Hz, gain 1.3 dB and Q 1
(TRACE) Adding peaking filter with frequency 1400 Hz, gain -1.5 dB and Q 2
(TRACE) Adding peaking filter with frequency 3730 Hz, gain -8.8 dB and Q 3
(TRACE) Adding high-shelf filter with frequency 14000 Hz and gain 12 dB and slope 12 dB
(TRACE) Adding peaking filter with frequency 2719 Hz, gain -1.4 dB and Q 2.5
(TRACE) Adding peaking filter with frequency 5400 Hz, gain 3.3 dB and Q 4
(TRACE) Adding peaking filter with frequency 7730 Hz, gain 5.2 dB and Q 5
(TRACE) Adding peaking filter with frequency 11200 Hz, gain -6 dB and Q 8
(TRACE) Adding peaking filter with frequency 12950 Hz, gain -3.9 dB and Q 10
(TRACE) Adding peaking filter with frequency 11100 Hz, gain -4.4 dB and Q 4
(TRACE) Adding peaking filter with frequency 4450 Hz, gain -3 dB and Q 6
(TRACE) Adding peaking filter with frequency 4792 Hz, gain 2.5 dB and Q 4
(TRACE) Adding peaking filter with frequency 5690 Hz, gain 0.6 dB and Q 8
(TRACE) Adding peaking filter with frequency 3628 Hz, gain 0.9 dB and Q 8
(TRACE) Adding peaking filter with frequency 8770 Hz, gain 1.5 dB and Q 15
(TRACE) Adding peaking filter with frequency 9150 Hz, gain 2 dB and Q 10
(TRACE) Adding peaking filter with frequency 9800 Hz, gain 1.5 dB and Q 15
(TRACE) Adding high-shelf filter with frequency 16000 Hz and gain -4 dB
(TRACE) Adding peaking filter with frequency 600 Hz, gain 0.8 dB and Q 0.7
(TRACE) Adding peaking filter with frequency 2500 Hz, gain 1 dB and Q 5
(TRACE) Adding peaking filter with frequency 6300 Hz, gain -3 dB and Q 8
(TRACE) Adding peaking filter with frequency 3000 Hz, gain -0.8 dB and Q 5
(TRACE) Adding peaking filter with frequency 3300 Hz, gain -1 dB and Q 8
(TRACE) Loading configuration from C:\Program Files\EqualizerAPO\config\Elex\Elex Personal Balance LR v3.txt
(TRACE) Selecting channel(s) number 1, 2
(TRACE) Adjusting preamp by 2 dB
(TRACE) Selecting channel(s) number 2
(TRACE) Adjusting preamp by -0.5 dB
(TRACE) Adding low-shelf filter with frequency 150 Hz and gain -0.3 dB and slope 12 dB
(TRACE) Adding peaking filter with frequency 1400 Hz, gain -0.5 dB and Q 3
(TRACE) Adding peaking filter with frequency 2550 Hz, gain -1.3 dB and Q 4
(TRACE) Adding peaking filter with frequency 3300 Hz, gain -1 dB and Q 3
(TRACE) Adding peaking filter with frequency 3640 Hz, gain -1 dB and Q 10
(TRACE) Adding peaking filter with frequency 4200 Hz, gain 1 dB and Q 10
(TRACE) Adding peaking filter with frequency 4400 Hz, gain 2 dB and Q 10
(TRACE) Adding peaking filter with frequency 6240 Hz, gain -2.4 dB and Q 8
(TRACE) Adding peaking filter with frequency 6600 Hz, gain 3 dB and Q 8
(TRACE) Adding peaking filter with frequency 13000 Hz, gain 5 dB and Q 2
(TRACE) Adding high-shelf filter with frequency 16000 Hz and gain -6 dB and slope 12 dB
(TRACE) Adding peaking filter with frequency 3900 Hz, gain 0.5 dB and Q 7
(TRACE) Adding peaking filter with frequency 5100 Hz, gain 0.9 dB and Q 9
(TRACE) Adding peaking filter with frequency 1754 Hz, gain -0.5 dB and Q 6
(TRACE) Adding peaking filter with frequency 8500 Hz, gain -3 dB and Q 10
(TRACE) Selecting channel(s) number 1
(TRACE) Adding peaking filter with frequency 4060 Hz, gain 1.5 dB and Q 8
(TRACE) Adding peaking filter with frequency 5000 Hz, gain -3 dB and Q 5
(TRACE) Adding peaking filter with frequency 4410 Hz, gain -1 dB and Q 6
(TRACE) Selecting channel(s) number 1, 2
(TRACE) Adjusting preamp by 0 dB
(TRACE) Finished loading configuration after 1.980400 milliseconds
(TRACE) Successfully terminated directory change notification thread
Benchmark 1.3
Run "C:\Program Files\EqualizerAPO\Benchmark.exe -h" to show usage info

Reading sound data from C:\Program Files\EqualizerAPO\config\measurements\minimum-latency\a100-reference\raw\branches\downstream\left-input.wav
Reading input file took 0.0051151 seconds

Processing 96000 frames from 2 channel(s)
192000 samples processed in 0.008204 seconds
This is equivalent to 0.41% CPU load (one core) when processing in real time
Max output level: 0.701707 (-3.076887 dB)

Writing output to C:\Program Files\EqualizerAPO\config\measurements\minimum-latency\a100-reference\raw\branches\downstream\left-output.wav

=== right impulse ===
(TRACE) 2 channels for this device: L R
(TRACE) Loading configuration from C:\Program Files\EqualizerAPO\config\config.txt
(TRACE) Matching pattern "Output A1 Voicemeeter" with device "Output A1 Voicemeeter PhantomDSP Bass Downstream File output "
(TRACE) Loading configuration from C:\Program Files\EqualizerAPO\config\config - personalized.txt
(TRACE) Loading configuration from C:\Program Files\EqualizerAPO\config\JBL M2 Binaural Convolution\Bass Crossover Selector.txt
(TRACE) If(regexSearch("PhantomDSP Bass Downstream", deviceName)) evaluated to "PhantomDSP Bass Downstream" (true)
(TRACE) Selecting channel(s) number 1, 2
(TRACE) Copying to channel L from channel L with factor 1, to channel R from channel R with factor 1
(TRACE) Loading configuration from C:\Program Files\EqualizerAPO\config\Target Curve Macro Adjustments.txt
(TRACE) Selecting channel(s) number 1, 2
(TRACE) Adding low-shelf filter with frequency 80 Hz and gain 2 dB
(TRACE) Loading configuration from C:\Program Files\EqualizerAPO\config\Elex\Elex Flatten EQ at DRP v3.txt
(TRACE) Adjusting preamp by -3.5 dB
(TRACE) Adding low-shelf filter with frequency 35 Hz and gain 5 dB and slope 12 dB
(TRACE) Adding peaking filter with frequency 650 Hz, gain 1.3 dB and Q 1
(TRACE) Adding peaking filter with frequency 1400 Hz, gain -1.5 dB and Q 2
(TRACE) Adding peaking filter with frequency 3730 Hz, gain -8.8 dB and Q 3
(TRACE) Adding high-shelf filter with frequency 14000 Hz and gain 12 dB and slope 12 dB
(TRACE) Adding peaking filter with frequency 2719 Hz, gain -1.4 dB and Q 2.5
(TRACE) Adding peaking filter with frequency 5400 Hz, gain 3.3 dB and Q 4
(TRACE) Adding peaking filter with frequency 7730 Hz, gain 5.2 dB and Q 5
(TRACE) Adding peaking filter with frequency 11200 Hz, gain -6 dB and Q 8
(TRACE) Adding peaking filter with frequency 12950 Hz, gain -3.9 dB and Q 10
(TRACE) Adding peaking filter with frequency 11100 Hz, gain -4.4 dB and Q 4
(TRACE) Adding peaking filter with frequency 4450 Hz, gain -3 dB and Q 6
(TRACE) Adding peaking filter with frequency 4792 Hz, gain 2.5 dB and Q 4
(TRACE) Adding peaking filter with frequency 5690 Hz, gain 0.6 dB and Q 8
(TRACE) Adding peaking filter with frequency 3628 Hz, gain 0.9 dB and Q 8
(TRACE) Adding peaking filter with frequency 8770 Hz, gain 1.5 dB and Q 15
(TRACE) Adding peaking filter with frequency 9150 Hz, gain 2 dB and Q 10
(TRACE) Adding peaking filter with frequency 9800 Hz, gain 1.5 dB and Q 15
(TRACE) Adding high-shelf filter with frequency 16000 Hz and gain -4 dB
(TRACE) Adding peaking filter with frequency 600 Hz, gain 0.8 dB and Q 0.7
(TRACE) Adding peaking filter with frequency 2500 Hz, gain 1 dB and Q 5
(TRACE) Adding peaking filter with frequency 6300 Hz, gain -3 dB and Q 8
(TRACE) Adding peaking filter with frequency 3000 Hz, gain -0.8 dB and Q 5
(TRACE) Adding peaking filter with frequency 3300 Hz, gain -1 dB and Q 8
(TRACE) Loading configuration from C:\Program Files\EqualizerAPO\config\Elex\Elex Personal Balance LR v3.txt
(TRACE) Selecting channel(s) number 1, 2
(TRACE) Adjusting preamp by 2 dB
(TRACE) Selecting channel(s) number 2
(TRACE) Adjusting preamp by -0.5 dB
(TRACE) Adding low-shelf filter with frequency 150 Hz and gain -0.3 dB and slope 12 dB
(TRACE) Adding peaking filter with frequency 1400 Hz, gain -0.5 dB and Q 3
(TRACE) Adding peaking filter with frequency 2550 Hz, gain -1.3 dB and Q 4
(TRACE) Adding peaking filter with frequency 3300 Hz, gain -1 dB and Q 3
(TRACE) Adding peaking filter with frequency 3640 Hz, gain -1 dB and Q 10
(TRACE) Adding peaking filter with frequency 4200 Hz, gain 1 dB and Q 10
(TRACE) Adding peaking filter with frequency 4400 Hz, gain 2 dB and Q 10
(TRACE) Adding peaking filter with frequency 6240 Hz, gain -2.4 dB and Q 8
(TRACE) Adding peaking filter with frequency 6600 Hz, gain 3 dB and Q 8
(TRACE) Adding peaking filter with frequency 13000 Hz, gain 5 dB and Q 2
(TRACE) Adding high-shelf filter with frequency 16000 Hz and gain -6 dB and slope 12 dB
(TRACE) Adding peaking filter with frequency 3900 Hz, gain 0.5 dB and Q 7
(TRACE) Adding peaking filter with frequency 5100 Hz, gain 0.9 dB and Q 9
(TRACE) Adding peaking filter with frequency 1754 Hz, gain -0.5 dB and Q 6
(TRACE) Adding peaking filter with frequency 8500 Hz, gain -3 dB and Q 10
(TRACE) Selecting channel(s) number 1
(TRACE) Adding peaking filter with frequency 4060 Hz, gain 1.5 dB and Q 8
(TRACE) Adding peaking filter with frequency 5000 Hz, gain -3 dB and Q 5
(TRACE) Adding peaking filter with frequency 4410 Hz, gain -1 dB and Q 6
(TRACE) Selecting channel(s) number 1, 2
(TRACE) Adjusting preamp by 0 dB
(TRACE) Finished loading configuration after 1.943600 milliseconds
(TRACE) Successfully created directory change notification thread 6736 for C:\Program Files\EqualizerAPO\config and its subtree
(TRACE) Loading configuration from C:\Program Files\EqualizerAPO\config\config.txt
(TRACE) Matching pattern "Output A1 Voicemeeter" with device "Output A1 Voicemeeter PhantomDSP Bass Downstream File output "
(TRACE) Loading configuration from C:\Program Files\EqualizerAPO\config\config - personalized.txt
(TRACE) Loading configuration from C:\Program Files\EqualizerAPO\config\JBL M2 Binaural Convolution\Bass Crossover Selector.txt
(TRACE) If(regexSearch("PhantomDSP Bass Downstream", deviceName)) evaluated to "PhantomDSP Bass Downstream" (true)
(TRACE) Selecting channel(s) number 1, 2
(TRACE) Copying to channel L from channel L with factor 1, to channel R from channel R with factor 1
(TRACE) Loading configuration from C:\Program Files\EqualizerAPO\config\Target Curve Macro Adjustments.txt
(TRACE) Selecting channel(s) number 1, 2
(TRACE) Adding low-shelf filter with frequency 80 Hz and gain 2 dB
(TRACE) Loading configuration from C:\Program Files\EqualizerAPO\config\Elex\Elex Flatten EQ at DRP v3.txt
(TRACE) Adjusting preamp by -3.5 dB
(TRACE) Adding low-shelf filter with frequency 35 Hz and gain 5 dB and slope 12 dB
(TRACE) Adding peaking filter with frequency 650 Hz, gain 1.3 dB and Q 1
(TRACE) Adding peaking filter with frequency 1400 Hz, gain -1.5 dB and Q 2
(TRACE) Adding peaking filter with frequency 3730 Hz, gain -8.8 dB and Q 3
(TRACE) Adding high-shelf filter with frequency 14000 Hz and gain 12 dB and slope 12 dB
(TRACE) Adding peaking filter with frequency 2719 Hz, gain -1.4 dB and Q 2.5
(TRACE) Adding peaking filter with frequency 5400 Hz, gain 3.3 dB and Q 4
(TRACE) Adding peaking filter with frequency 7730 Hz, gain 5.2 dB and Q 5
(TRACE) Adding peaking filter with frequency 11200 Hz, gain -6 dB and Q 8
(TRACE) Adding peaking filter with frequency 12950 Hz, gain -3.9 dB and Q 10
(TRACE) Adding peaking filter with frequency 11100 Hz, gain -4.4 dB and Q 4
(TRACE) Adding peaking filter with frequency 4450 Hz, gain -3 dB and Q 6
(TRACE) Adding peaking filter with frequency 4792 Hz, gain 2.5 dB and Q 4
(TRACE) Adding peaking filter with frequency 5690 Hz, gain 0.6 dB and Q 8
(TRACE) Adding peaking filter with frequency 3628 Hz, gain 0.9 dB and Q 8
(TRACE) Adding peaking filter with frequency 8770 Hz, gain 1.5 dB and Q 15
(TRACE) Adding peaking filter with frequency 9150 Hz, gain 2 dB and Q 10
(TRACE) Adding peaking filter with frequency 9800 Hz, gain 1.5 dB and Q 15
(TRACE) Adding high-shelf filter with frequency 16000 Hz and gain -4 dB
(TRACE) Adding peaking filter with frequency 600 Hz, gain 0.8 dB and Q 0.7
(TRACE) Adding peaking filter with frequency 2500 Hz, gain 1 dB and Q 5
(TRACE) Adding peaking filter with frequency 6300 Hz, gain -3 dB and Q 8
(TRACE) Adding peaking filter with frequency 3000 Hz, gain -0.8 dB and Q 5
(TRACE) Adding peaking filter with frequency 3300 Hz, gain -1 dB and Q 8
(TRACE) Loading configuration from C:\Program Files\EqualizerAPO\config\Elex\Elex Personal Balance LR v3.txt
(TRACE) Selecting channel(s) number 1, 2
(TRACE) Adjusting preamp by 2 dB
(TRACE) Selecting channel(s) number 2
(TRACE) Adjusting preamp by -0.5 dB
(TRACE) Adding low-shelf filter with frequency 150 Hz and gain -0.3 dB and slope 12 dB
(TRACE) Adding peaking filter with frequency 1400 Hz, gain -0.5 dB and Q 3
(TRACE) Adding peaking filter with frequency 2550 Hz, gain -1.3 dB and Q 4
(TRACE) Adding peaking filter with frequency 3300 Hz, gain -1 dB and Q 3
(TRACE) Adding peaking filter with frequency 3640 Hz, gain -1 dB and Q 10
(TRACE) Adding peaking filter with frequency 4200 Hz, gain 1 dB and Q 10
(TRACE) Adding peaking filter with frequency 4400 Hz, gain 2 dB and Q 10
(TRACE) Adding peaking filter with frequency 6240 Hz, gain -2.4 dB and Q 8
(TRACE) Adding peaking filter with frequency 6600 Hz, gain 3 dB and Q 8
(TRACE) Adding peaking filter with frequency 13000 Hz, gain 5 dB and Q 2
(TRACE) Adding high-shelf filter with frequency 16000 Hz and gain -6 dB and slope 12 dB
(TRACE) Adding peaking filter with frequency 3900 Hz, gain 0.5 dB and Q 7
(TRACE) Adding peaking filter with frequency 5100 Hz, gain 0.9 dB and Q 9
(TRACE) Adding peaking filter with frequency 1754 Hz, gain -0.5 dB and Q 6
(TRACE) Adding peaking filter with frequency 8500 Hz, gain -3 dB and Q 10
(TRACE) Selecting channel(s) number 1
(TRACE) Adding peaking filter with frequency 4060 Hz, gain 1.5 dB and Q 8
(TRACE) Adding peaking filter with frequency 5000 Hz, gain -3 dB and Q 5
(TRACE) Adding peaking filter with frequency 4410 Hz, gain -1 dB and Q 6
(TRACE) Selecting channel(s) number 1, 2
(TRACE) Adjusting preamp by 0 dB
(TRACE) Finished loading configuration after 1.747800 milliseconds
(TRACE) Successfully terminated directory change notification thread
Benchmark 1.3
Run "C:\Program Files\EqualizerAPO\Benchmark.exe -h" to show usage info

Reading sound data from C:\Program Files\EqualizerAPO\config\measurements\minimum-latency\a100-reference\raw\branches\downstream\right-input.wav
Reading input file took 0.0044657 seconds

Processing 96000 frames from 2 channel(s)
192000 samples processed in 0.008689 seconds
This is equivalent to 0.43% CPU load (one core) when processing in real time
Max output level: 0.549014 (-5.208333 dB)

Writing output to C:\Program Files\EqualizerAPO\config\measurements\minimum-latency\a100-reference\raw\branches\downstream\right-output.wav
